{"property":{"bedroom_count":["1","2","3"],"bathroom_count":["1","2","4+"]}}