{"property":{"bedroom_count":{"king_bed":3,"queen_bed":1},"bathroom_count":["1","2","4+"]}}