{"property":{"bedroom_count":{"king_bed":[2,3],"queen_bed":[1,4]},"bathroom_count":"1"}}