{"property":{"bedroom_count":{"king_bed":3,"queen_bed":[4,1]},"bathroom_count":["2","1"]}}